// Jest Snapshot v1, https://goo.gl/fbAQLP

exports[`e2e generates the site 1`] = `
"<html lang=\\"en\\">

<head>
    <link rel=\\"stylesheet\\" type=\\"text/css\\" href=\\"./assets/css/style.css\\">
    <link rel=\\"stylesheet\\" type=\\"text/css\\" href=\\"./assets/css/animation.css\\">
    <link rel=\\"stylesheet\\" type=\\"text/css\\" href=\\"./assets/css/w3.css\\">
    <meta http-equiv=\\"Content-Type\\" content=\\"text/html; charset=utf-8\\">
    <link rel=\\"icon\\" href=\\"./assets/rsc-guy.png\\">
</head>

<body style=\\"background-image: linear-gradient(315deg, #ffffff 0%, #d7e1ec 74%); background-size: cover; background-repeat: no-repeat; background-attachment: fixed;\\">
    <head>
	<title>
		TEST-E2E |
			driver Test E2E
	</title>
</head>

<div class=\\"w3-top\\">
	<div class=\\"w3-bar w3-black\\" style=\\"text-align:center;\\">
        <div class=\\"logo w3-dropdown-hover w3-hide-small w3-hide-medium\\" style=\\"background-color: #0000\\">
            <a href=\\"/index.html\\">
                <img src=\\"./assets/rsc-guy.png\\">
            </a>
            <div class=\\"w3-dropdown-content w3-bar-block w3-card-4 w3-hide-small w3-hide-medium\\">
                <span class=\\"w3-bar-item\\">---historical---</span>
                    <a href=\\"/e2e-1\\" class=\\"w3-bar-item w3-button \\">E2E Season 1</a>
            </div>
        </div>

		<div class=\\"w3-dropdown-hover w3-hide-small w3-hide-medium\\">
			<button class=\\"w3-button\\">Driver Standings</button>
			<div class=\\"w3-dropdown-content w3-bar-block w3-card-4 w3-hide-small w3-hide-medium\\">
				<a href=\\"./test-e2e-driver-standings.html\\" class=\\"w3-bar-item w3-button active\\">Test E2E</a>
			</div>
		</div>

		<div class=\\"w3-dropdown-hover w3-hide-small w3-hide-medium\\">
			<button class=\\"w3-button\\">Team Standings</button>
			<div class=\\"w3-dropdown-content w3-bar-block w3-card-4 w3-hide-small w3-hide-medium\\">
				<a href=\\"./test-e2e-team-standings.html\\" class=\\"w3-bar-item w3-button \\">Test E2E</a>
			</div>
		</div>



        <!-- mobile stuff -->
        <a href=\\"javascript:void(0)\\" class=\\"logo w3-left w3-hide-large\\" style=\\"font-size:3em;\\" onclick=\\"openSeriesMobileNav()\\">
            <img src=\\"./assets/rsc-guy.png\\" style=\\"max-height: 1em;margin: 0.1em;border: 1px solid darkgray\\">
        </a>

        <a href=\\"javascript:void(0)\\" class=\\"w3-bar-item w3-button w3-right w3-hide-large\\" style=\\"font-size:3em;\\" onclick=\\"openMobileNav()\\">&#9776;
        </a>

        <h3 class=\\"w3-hide-large navTitle bold\\" style=\\"display:block;\\">
            driver - Test E2E
            
        </h3>

	</div>

	<div id=\\"mobileNav\\" class=\\"w3-bar-block w3-black w3-hide w3-hide-large\\" style=\\"overflow-y:scroll;max-height:95vh;\\">
            <a href=\\"./test-e2e-driver-standings.html\\" class=\\"w3-bar-item w3-button active\\">Driver Standings - Test E2E</a>
            <a href=\\"./test-e2e-team-standings.html\\" class=\\"w3-bar-item w3-button \\">Team Standings - Test E2E</a>
	</div>

	<div id=\\"seriesMobileNav\\" class=\\"w3-bar-block w3-black w3-hide w3-hide-large\\" style=\\"overflow-y:scroll;max-height:95vh;\\">
            <span class=\\"w3-bar-item\\">---historical---</span>
                <a href=\\"/e2e-1\\" class=\\"w3-bar-item w3-button \\">E2E Season 1</a>
	</div>

	<div class=\\"w3-bar w3-light-grey secondaryNav\\">
			<a href=\\"./test-e2e-0-driver-results.html\\">
				<img src=\\"./assets/country-flags/swe.png\\" />
			</a>
			<a href=\\"./test-e2e-1-driver-results.html\\">
				<img src=\\"./assets/country-flags/est.png\\" />
			</a>
	</div>
</div>

    <div id=\\"container\\">
        <div id=\\"flexContainer\\">
            <div class=\\"flexBox\\">
                <div style=\\"margin-bottom: 1em;\\" class=\\"w3-hide-medium w3-hide-small\\">
                    <div class=\\"logo\\" style=\\"display:flex;\\">
                        <img src=\\"./assets/rsc-guy.png\\" />
                        <h2 style=\\"margin-left:1em;\\">Test E2E Driver Standings</h2>
                    </div>
                </div>

                <table id=\\"tableDrivers\\">
                    <thead>
                        <tr>
                            <th>Pos</th>
                            <th></th>
                            <th>Nat</th>
                            <th>Driver</th>
                                    <th>Team Name</th>

                            <th>
                                <a href=\\"./test-e2e-0-driver-results.html\\">
                                    <img src=\\"./assets/country-flags/swe.png\\" alt=\\"swe\\" title=\\"swe\\"/>
                                </a>
                            </th>

                            <th>
                                <a href=\\"./test-e2e-1-driver-results.html\\">
                                    <img src=\\"./assets/country-flags/est.png\\" alt=\\"est\\" title=\\"est\\"/>
                                </a>
                            </th>

                            <th>Points</th>
                                <th>ADR*</th>
                        </tr>
                    </thead>
                    <tbody>
                        <tr style=\\"background-color: \\">
                            <td>1</td>
                            <td>
                                <span class=\\"neutral\\">=</span>
                            </td>
                            <td>
                                <img src=\\"./assets/country-flags/deu.png\\" style=\\"max-width:1.5em; max-height:1.5em;\\" alt=\\"deu\\" title=\\"deu\\"/>
                            </td>
                            <td class=\\"text-left bold\\">Hawk24</td>
                                    <td class=\\"text-left\\">Heat Seeking Geezers mk2</td>
                            
                            <td>
                                65
                            </td>
                            
                            <td>
                                38
                            </td>
                            
                            <td class=\\"bold\\">103</td>
                                <td class=\\"bold\\">0</td>
                        </tr>
                        <tr style=\\"background-color: \\">
                            <td>2</td>
                            <td>
                                <span class=\\"positive\\"><i
                                        class=\\"arrow up\\"></i>&nbsp;1</span>
                            </td>
                            <td>
                                <img src=\\"./assets/country-flags/fin.png\\" style=\\"max-width:1.5em; max-height:1.5em;\\" alt=\\"fin\\" title=\\"fin\\"/>
                            </td>
                            <td class=\\"text-left bold\\">QazRa</td>
                                    <td class=\\"text-left\\">privateer</td>
                            
                            <td>
                                38
                            </td>
                            
                            <td>
                                53
                            </td>
                            
                            <td class=\\"bold\\">91</td>
                                <td class=\\"bold\\">0</td>
                        </tr>
                        <tr style=\\"background-color: \\">
                            <td>3</td>
                            <td>
                                <span class=\\"positive\\"><i
                                        class=\\"arrow up\\"></i>&nbsp;13</span>
                            </td>
                            <td>
                                <img src=\\"./assets/country-flags/est.png\\" style=\\"max-width:1.5em; max-height:1.5em;\\" alt=\\"est\\" title=\\"est\\"/>
                            </td>
                            <td class=\\"text-left bold\\">ninko</td>
                                    <td class=\\"text-left\\">Flat Out Racing</td>
                            
                            <td>
                                DNF
                            </td>
                            
                            <td>
                                60
                            </td>
                            
                            <td class=\\"bold\\">60</td>
                                <td class=\\"bold\\">0</td>
                        </tr>
                        <tr style=\\"background-color: \\">
                            <td>4</td>
                            <td>
                                <span class=\\"negative\\"><i
                                        class=\\"arrow down\\"></i>&nbsp;-2</span>
                            </td>
                            <td>
                                <img src=\\"./assets/country-flags/bel.png\\" style=\\"max-width:1.5em; max-height:1.5em;\\" alt=\\"bel\\" title=\\"bel\\"/>
                            </td>
                            <td class=\\"text-left bold\\">THELC Matt</td>
                                    <td class=\\"text-left\\">Rizla&#x27;s Suffering Club</td>
                            
                            <td>
                                52
                            </td>
                            
                            <td>
                                0
                            </td>
                            
                            <td class=\\"bold\\">52</td>
                                <td class=\\"bold\\">0</td>
                        </tr>
                        <tr style=\\"background-color: \\">
                            <td>5</td>
                            <td>
                                <span class=\\"negative\\"><i
                                        class=\\"arrow down\\"></i>&nbsp;-1</span>
                            </td>
                            <td>
                                <img src=\\"./assets/country-flags/usa.png\\" style=\\"max-width:1.5em; max-height:1.5em;\\" alt=\\"usa\\" title=\\"usa\\"/>
                            </td>
                            <td class=\\"text-left bold\\">HotdogCowboy</td>
                                    <td class=\\"text-left\\">All Beef Franks</td>
                            
                            <td>
                                32
                            </td>
                            
                            <td>
                                16
                            </td>
                            
                            <td class=\\"bold\\">48</td>
                                <td class=\\"bold\\">0</td>
                        </tr>
                        <tr style=\\"background-color: \\">
                            <td>6</td>
                            <td>
                                <span class=\\"neutral\\">=</span>
                            </td>
                            <td>
                                <img src=\\"./assets/country-flags/aus.png\\" style=\\"max-width:1.5em; max-height:1.5em;\\" alt=\\"aus\\" title=\\"aus\\"/>
                            </td>
                            <td class=\\"text-left bold\\">satchmo</td>
                                    <td class=\\"text-left\\">CodeBros</td>
                            
                            <td>
                                20
                            </td>
                            
                            <td>
                                27
                            </td>
                            
                            <td class=\\"bold\\">47</td>
                                <td class=\\"bold\\">0</td>
                        </tr>
                        <tr style=\\"background-color: \\">
                            <td>7</td>
                            <td>
                                <span class=\\"negative\\"><i
                                        class=\\"arrow down\\"></i>&nbsp;-2</span>
                            </td>
                            <td>
                                <img src=\\"./assets/country-flags/nor.png\\" style=\\"max-width:1.5em; max-height:1.5em;\\" alt=\\"nor\\" title=\\"nor\\"/>
                            </td>
                            <td class=\\"text-left bold\\">Roy Magnes</td>
                                    <td class=\\"text-left\\">privateer</td>
                            
                            <td>
                                24
                            </td>
                            
                            <td>
                                14
                            </td>
                            
                            <td class=\\"bold\\">38</td>
                                <td class=\\"bold\\">0</td>
                        </tr>
                        <tr style=\\"background-color: \\">
                            <td>8</td>
                            <td>
                                <span class=\\"positive\\"><i
                                        class=\\"arrow up\\"></i>&nbsp;5</span>
                            </td>
                            <td>
                                <img src=\\"./assets/country-flags/deu.png\\" style=\\"max-width:1.5em; max-height:1.5em;\\" alt=\\"deu\\" title=\\"deu\\"/>
                            </td>
                            <td class=\\"text-left bold\\">Kringelwurst</td>
                                    <td class=\\"text-left\\">Kringel&#x27;s Coal Rental and Co.</td>
                            
                            <td>
                                3
                            </td>
                            
                            <td>
                                32
                            </td>
                            
                            <td class=\\"bold\\">35</td>
                                <td class=\\"bold\\">0</td>
                        </tr>
                        <tr style=\\"background-color: \\">
                            <td>9</td>
                            <td>
                                <span class=\\"positive\\"><i
                                        class=\\"arrow up\\"></i>&nbsp;1</span>
                            </td>
                            <td>
                                <img src=\\"./assets/country-flags/swe.png\\" style=\\"max-width:1.5em; max-height:1.5em;\\" alt=\\"swe\\" title=\\"swe\\"/>
                            </td>
                            <td class=\\"text-left bold\\">davidgrundstrom</td>
                                    <td class=\\"text-left\\">No-recce</td>
                            
                            <td>
                                7
                            </td>
                            
                            <td>
                                19
                            </td>
                            
                            <td class=\\"bold\\">26</td>
                                <td class=\\"bold\\">0</td>
                        </tr>
                        <tr style=\\"background-color: \\">
                            <td>9</td>
                            <td>
                                <span class=\\"negative\\"><i
                                        class=\\"arrow down\\"></i>&nbsp;-1</span>
                            </td>
                            <td>
                                <img src=\\"./assets/country-flags/kor.png\\" style=\\"max-width:1.5em; max-height:1.5em;\\" alt=\\"kor\\" title=\\"kor\\"/>
                            </td>
                            <td class=\\"text-left bold\\">Prodicrux</td>
                                    <td class=\\"text-left\\">privateer</td>
                            
                            <td>
                                16
                            </td>
                            
                            <td>
                                10
                            </td>
                            
                            <td class=\\"bold\\">26</td>
                                <td class=\\"bold\\">0</td>
                        </tr>
                        <tr style=\\"background-color: \\">
                            <td>11</td>
                            <td>
                                <span class=\\"positive\\"><i
                                        class=\\"arrow up\\"></i>&nbsp;5</span>
                            </td>
                            <td>
                                <img src=\\"./assets/country-flags/swe.png\\" style=\\"max-width:1.5em; max-height:1.5em;\\" alt=\\"swe\\" title=\\"swe\\"/>
                            </td>
                            <td class=\\"text-left bold\\">Weepy</td>
                                    <td class=\\"text-left\\">CodeBros</td>
                            
                            <td>
                                0
                            </td>
                            
                            <td>
                                20
                            </td>
                            
                            <td class=\\"bold\\">20</td>
                                <td class=\\"bold\\">0</td>
                        </tr>
                        <tr style=\\"background-color: \\">
                            <td>12</td>
                            <td>
                                <span class=\\"negative\\"><i
                                        class=\\"arrow down\\"></i>&nbsp;-5</span>
                            </td>
                            <td>
                                <img src=\\"./assets/country-flags/gbr.png\\" style=\\"max-width:1.5em; max-height:1.5em;\\" alt=\\"gbr\\" title=\\"gbr\\"/>
                            </td>
                            <td class=\\"text-left bold\\">Joe Hutchinson</td>
                                    <td class=\\"text-left\\">Rizla&#x27;s Suffering Club</td>
                            
                            <td>
                                18
                            </td>
                            
                            <td>
                                DNS
                            </td>
                            
                            <td class=\\"bold\\">18</td>
                                <td class=\\"bold\\">0</td>
                        </tr>
                        <tr style=\\"background-color: \\">
                            <td>13</td>
                            <td>
                                <span class=\\"positive\\"><i
                                        class=\\"arrow up\\"></i>&nbsp;3</span>
                            </td>
                            <td>
                                <img src=\\"./assets/country-flags/bra.png\\" style=\\"max-width:1.5em; max-height:1.5em;\\" alt=\\"bra\\" title=\\"bra\\"/>
                            </td>
                            <td class=\\"text-left bold\\">Htchet</td>
                                    <td class=\\"text-left\\">privateer</td>
                            
                            <td>
                                DNF
                            </td>
                            
                            <td>
                                16
                            </td>
                            
                            <td class=\\"bold\\">16</td>
                                <td class=\\"bold\\">0</td>
                        </tr>
                        <tr style=\\"background-color: \\">
                            <td>14</td>
                            <td>
                                <span class=\\"negative\\"><i
                                        class=\\"arrow down\\"></i>&nbsp;-5</span>
                            </td>
                            <td>
                                <img src=\\"./assets/country-flags/deu.png\\" style=\\"max-width:1.5em; max-height:1.5em;\\" alt=\\"deu\\" title=\\"deu\\"/>
                            </td>
                            <td class=\\"text-left bold\\">Thom B</td>
                                    <td class=\\"text-left\\">Kringel&#x27;s Coal Rental and Co.</td>
                            
                            <td>
                                10
                            </td>
                            
                            <td>
                                DNF
                            </td>
                            
                            <td class=\\"bold\\">10</td>
                                <td class=\\"bold\\">0</td>
                        </tr>
                        <tr style=\\"background-color: \\">
                            <td>15</td>
                            <td>
                                <span class=\\"negative\\"><i
                                        class=\\"arrow down\\"></i>&nbsp;-4</span>
                            </td>
                            <td>
                                <img src=\\"./assets/country-flags/swe.png\\" style=\\"max-width:1.5em; max-height:1.5em;\\" alt=\\"swe\\" title=\\"swe\\"/>
                            </td>
                            <td class=\\"text-left bold\\">Bollis</td>
                                    <td class=\\"text-left\\">privateer</td>
                            
                            <td>
                                5
                            </td>
                            
                            <td>
                                4
                            </td>
                            
                            <td class=\\"bold\\">9</td>
                                <td class=\\"bold\\">0</td>
                        </tr>
                        <tr style=\\"background-color: \\">
                            <td>16</td>
                            <td>
                                <span class=\\"neutral\\">=</span>
                            </td>
                            <td>
                                <img src=\\"./assets/country-flags/ita.png\\" style=\\"max-width:1.5em; max-height:1.5em;\\" alt=\\"ita\\" title=\\"ita\\"/>
                            </td>
                            <td class=\\"text-left bold\\">Superciuc93</td>
                                    <td class=\\"text-left\\">privateer</td>
                            
                            <td>
                                DNF
                            </td>
                            
                            <td>
                                8
                            </td>
                            
                            <td class=\\"bold\\">8</td>
                                <td class=\\"bold\\">0</td>
                        </tr>
                        <tr style=\\"background-color: \\">
                            <td>17</td>
                            <td>
                                <span class=\\"negative\\"><i
                                        class=\\"arrow down\\"></i>&nbsp;-1</span>
                            </td>
                            <td>
                                <img src=\\"./assets/country-flags/aus.png\\" style=\\"max-width:1.5em; max-height:1.5em;\\" alt=\\"aus\\" title=\\"aus\\"/>
                            </td>
                            <td class=\\"text-left bold\\">jezza</td>
                                    <td class=\\"text-left\\">The stale poos</td>
                            
                            <td>
                                0
                            </td>
                            
                            <td>
                                6
                            </td>
                            
                            <td class=\\"bold\\">6</td>
                                <td class=\\"bold\\">0</td>
                        </tr>
                        <tr style=\\"background-color: \\">
                            <td>18</td>
                            <td>
                                <span class=\\"negative\\"><i
                                        class=\\"arrow down\\"></i>&nbsp;-6</span>
                            </td>
                            <td>
                                <img src=\\"./assets/country-flags/usa.png\\" style=\\"max-width:1.5em; max-height:1.5em;\\" alt=\\"usa\\" title=\\"usa\\"/>
                            </td>
                            <td class=\\"text-left bold\\">meatcreap</td>
                                    <td class=\\"text-left\\">All Beef Franks</td>
                            
                            <td>
                                4
                            </td>
                            
                            <td>
                                0
                            </td>
                            
                            <td class=\\"bold\\">4</td>
                                <td class=\\"bold\\">0</td>
                        </tr>
                        <tr style=\\"background-color: \\">
                            <td>19</td>
                            <td>
                                <span class=\\"negative\\"><i
                                        class=\\"arrow down\\"></i>&nbsp;-4</span>
                            </td>
                            <td>
                                <img src=\\"./assets/country-flags/gbr.png\\" style=\\"max-width:1.5em; max-height:1.5em;\\" alt=\\"gbr\\" title=\\"gbr\\"/>
                            </td>
                            <td class=\\"text-left bold\\">FAHEY Andrew</td>
                                    <td class=\\"text-left\\">privateer</td>
                            
                            <td>
                                1
                            </td>
                            
                            <td>
                                1
                            </td>
                            
                            <td class=\\"bold\\">2</td>
                                <td class=\\"bold\\">0</td>
                        </tr>
                        <tr style=\\"background-color: \\">
                            <td>19</td>
                            <td>
                                <span class=\\"negative\\"><i
                                        class=\\"arrow down\\"></i>&nbsp;-5</span>
                            </td>
                            <td>
                                <img src=\\"./assets/country-flags/gbr.png\\" style=\\"max-width:1.5em; max-height:1.5em;\\" alt=\\"gbr\\" title=\\"gbr\\"/>
                            </td>
                            <td class=\\"text-left bold\\">PETTET Jordan (shakey-deal)</td>
                                    <td class=\\"text-left\\">Heat Seeking Geezers mk2</td>
                            
                            <td>
                                2
                            </td>
                            
                            <td>
                                0
                            </td>
                            
                            <td class=\\"bold\\">2</td>
                                <td class=\\"bold\\">0</td>
                        </tr>
                        <tr style=\\"background-color: \\">
                            <td>21</td>
                            <td>
                                <span class=\\"negative\\"><i
                                        class=\\"arrow down\\"></i>&nbsp;-5</span>
                            </td>
                            <td>
                                <img src=\\"./assets/country-flags/swe.png\\" style=\\"max-width:1.5em; max-height:1.5em;\\" alt=\\"swe\\" title=\\"swe\\"/>
                            </td>
                            <td class=\\"text-left bold\\">ctbr</td>
                                    <td class=\\"text-left\\">privateer</td>
                            
                            <td>
                                0
                            </td>
                            
                            <td>
                                0
                            </td>
                            
                            <td class=\\"bold\\">0</td>
                                <td class=\\"bold\\">0</td>
                        </tr>
                        <tr style=\\"background-color: \\">
                            <td>21</td>
                            <td>
                                <span class=\\"negative\\"><i
                                        class=\\"arrow down\\"></i>&nbsp;-5</span>
                            </td>
                            <td>
                                <img src=\\"./assets/country-flags/esp.png\\" style=\\"max-width:1.5em; max-height:1.5em;\\" alt=\\"esp\\" title=\\"esp\\"/>
                            </td>
                            <td class=\\"text-left bold\\">TASIS Edgar</td>
                                    <td class=\\"text-left\\">privateer</td>
                            
                            <td>
                                DNF
                            </td>
                            
                            <td>
                                0
                            </td>
                            
                            <td class=\\"bold\\">0</td>
                                <td class=\\"bold\\">0</td>
                        </tr>
                        <tr style=\\"background-color: \\">
                            <td>21</td>
                            <td>
                                <span class=\\"negative\\"><i
                                        class=\\"arrow down\\"></i>&nbsp;-5</span>
                            </td>
                            <td>
                                <img src=\\"./assets/country-flags/hun.png\\" style=\\"max-width:1.5em; max-height:1.5em;\\" alt=\\"hun\\" title=\\"hun\\"/>
                            </td>
                            <td class=\\"text-left bold\\">fujiRS</td>
                                    <td class=\\"text-left\\">privateer</td>
                            
                            <td>
                                0
                            </td>
                            
                            <td>
                                0
                            </td>
                            
                            <td class=\\"bold\\">0</td>
                                <td class=\\"bold\\">0</td>
                        </tr>
                        <tr style=\\"background-color: \\">
                            <td>21</td>
                            <td>
                                <span class=\\"negative\\"><i
                                        class=\\"arrow down\\"></i>&nbsp;-5</span>
                            </td>
                            <td>
                                <img src=\\"./assets/country-flags/est.png\\" style=\\"max-width:1.5em; max-height:1.5em;\\" alt=\\"est\\" title=\\"est\\"/>
                            </td>
                            <td class=\\"text-left bold\\">MartinRC</td>
                                    <td class=\\"text-left\\">privateer</td>
                            
                            <td>
                                DNS
                            </td>
                            
                            <td>
                                0
                            </td>
                            
                            <td class=\\"bold\\">0</td>
                                <td class=\\"bold\\">0</td>
                        </tr>
                        <tr style=\\"background-color: \\">
                            <td>21</td>
                            <td>
                                <span class=\\"negative\\"><i
                                        class=\\"arrow down\\"></i>&nbsp;-5</span>
                            </td>
                            <td>
                                <img src=\\"./assets/country-flags/swe.png\\" style=\\"max-width:1.5em; max-height:1.5em;\\" alt=\\"swe\\" title=\\"swe\\"/>
                            </td>
                            <td class=\\"text-left bold\\">Tommie Lindberg</td>
                                    <td class=\\"text-left\\">privateer</td>
                            
                            <td>
                                0
                            </td>
                            
                            <td>
                                0
                            </td>
                            
                            <td class=\\"bold\\">0</td>
                                <td class=\\"bold\\">0</td>
                        </tr>
                        <tr style=\\"background-color: \\">
                            <td>21</td>
                            <td>
                                <span class=\\"negative\\"><i
                                        class=\\"arrow down\\"></i>&nbsp;-5</span>
                            </td>
                            <td>
                                <img src=\\"./assets/country-flags/esp.png\\" style=\\"max-width:1.5em; max-height:1.5em;\\" alt=\\"esp\\" title=\\"esp\\"/>
                            </td>
                            <td class=\\"text-left bold\\">dejota95</td>
                                    <td class=\\"text-left\\">privateer</td>
                            
                            <td>
                                0
                            </td>
                            
                            <td>
                                0
                            </td>
                            
                            <td class=\\"bold\\">0</td>
                                <td class=\\"bold\\">0</td>
                        </tr>
                        <tr style=\\"background-color: \\">
                            <td>21</td>
                            <td>
                                <span class=\\"negative\\"><i
                                        class=\\"arrow down\\"></i>&nbsp;-5</span>
                            </td>
                            <td>
                                <img src=\\"./assets/country-flags/deu.png\\" style=\\"max-width:1.5em; max-height:1.5em;\\" alt=\\"deu\\" title=\\"deu\\"/>
                            </td>
                            <td class=\\"text-left bold\\">Maximilian Maksy</td>
                                    <td class=\\"text-left\\">The stale poos</td>
                            
                            <td>
                                0
                            </td>
                            
                            <td>
                                0
                            </td>
                            
                            <td class=\\"bold\\">0</td>
                                <td class=\\"bold\\">0</td>
                        </tr>
                        <tr style=\\"background-color: \\">
                            <td>21</td>
                            <td>
                                <span class=\\"negative\\"><i
                                        class=\\"arrow down\\"></i>&nbsp;-5</span>
                            </td>
                            <td>
                                <img src=\\"./assets/country-flags/est.png\\" style=\\"max-width:1.5em; max-height:1.5em;\\" alt=\\"est\\" title=\\"est\\"/>
                            </td>
                            <td class=\\"text-left bold\\">TheZenor</td>
                                    <td class=\\"text-left\\">Flat Out Racing</td>
                            
                            <td>
                                0
                            </td>
                            
                            <td>
                                0
                            </td>
                            
                            <td class=\\"bold\\">0</td>
                                <td class=\\"bold\\">0</td>
                        </tr>
                        <tr style=\\"background-color: \\">
                            <td>21</td>
                            <td>
                                <span class=\\"negative\\"><i
                                        class=\\"arrow down\\"></i>&nbsp;-5</span>
                            </td>
                            <td>
                                <img src=\\"./assets/country-flags/row.png\\" style=\\"max-width:1.5em; max-height:1.5em;\\" alt=\\"row\\" title=\\"row\\"/>
                            </td>
                            <td class=\\"text-left bold\\">Erki Erik Poola</td>
                                    <td class=\\"text-left\\">privateer</td>
                            
                            <td>
                                0
                            </td>
                            
                            <td>
                                DNF
                            </td>
                            
                            <td class=\\"bold\\">0</td>
                                <td class=\\"bold\\">0</td>
                        </tr>
                        <tr style=\\"background-color: \\">
                            <td>21</td>
                            <td>
                                <span class=\\"negative\\"><i
                                        class=\\"arrow down\\"></i>&nbsp;-5</span>
                            </td>
                            <td>
                                <img src=\\"./assets/country-flags/gbr.png\\" style=\\"max-width:1.5em; max-height:1.5em;\\" alt=\\"gbr\\" title=\\"gbr\\"/>
                            </td>
                            <td class=\\"text-left bold\\">Williams Huw</td>
                                    <td class=\\"text-left\\">privateer</td>
                            
                            <td>
                                DNF
                            </td>
                            
                            <td>
                                DNS
                            </td>
                            
                            <td class=\\"bold\\">0</td>
                                <td class=\\"bold\\">0</td>
                        </tr>
                    </tbody>

                </table>
                <div style=\\"margin:0 auto; text-align:center;\\">
                    <p>Last updated at: last-updated-test-e2e</p>
                </div>
                    <div style=\\"margin:0 auto; text-align:center;\\">
                        <p>*After Dropped Rounds: total points after 2 lowest scoring rounds removed - endurance rounds count as 2</p>
                    </div>
            </div>
        </div>
    </div>
    <script>
    function openMobileNav() {
        closeNav(\\"seriesMobileNav\\");
        openNav(\\"mobileNav\\");
    }
    function openSeriesMobileNav() {
        closeNav(\\"mobileNav\\");
        openNav(\\"seriesMobileNav\\");
    }
    function closeNav(navId) {
        var x = document.getElementById(navId);
        x.className = x.className.replace(\\" w3-show\\", \\"\\");
    }
    function openNav(navId) {
        var x = document.getElementById(navId);
        if (x.className.indexOf(\\"w3-show\\") == -1) {
            x.className += \\" w3-show\\";
        } else {
            closeNav(navId);
        }
    }
</script>

</body>
</html>"
`;
